  [OK] Target host 'naming-check-backend' is in allowlist
Checking application endpoints (verify=http://127.0.0.1:8000, k6 target=http://naming-check-backend:8000)...
  [OK] GET /api/v1/health
  [OK] POST /api/v1/text-similarity/search (S1)
Checking Docker services (optional on remote runner)...
  [OK] container naming-check-backend is running
  [OK] container visual-model-service is running
  [OK] container text-model-service is running
  [OK] docker network naming-check-net exists
Checking monitoring stack (optional)...
  [WARN] Prometheus not reachable at http://127.0.0.1:9090 (start monitoring stack for metrics during load test)
  [WARN] Grafana not reachable at http://127.0.0.1:3000

Environment ready for load testing.
  k6 target: http://naming-check-backend:8000
  verify URL: http://127.0.0.1:8000
  Profile: smoke
  Next: bash scripts/load/run-smoke-load-test.sh
==> Running baseline load test
    target: from .env.load
    vus: default
    duration: default
    rps: default
 Container load-testing-k6-run-326c7dc35548 Creating 
 Container load-testing-k6-run-326c7dc35548 Created 

         /\      Grafana   /‾‾/  
    /\  /  \     |\  __   /  /   
   /  \/    \    | |/ /  /   ‾‾\ 
  /          \   |   (  |  (‾)  |
 / __________ \  |_|\_\  \_____/ 

     execution: local
        script: /scripts/baseline.js
        output: -

     scenarios: (100.00%) 1 scenario, 1 max VUs, 10m30s max duration (incl. graceful stop):
              * mixed: 1 looping VUs for 10m0s (gracefulStop: 30s)


running (00m01.0s), 1/1 VUs, 0 complete and 0 interrupted iterations
mixed   [   0% ] 1 VUs  00m01.0s/10m0s

running (00m02.0s), 1/1 VUs, 1 complete and 0 interrupted iterations
mixed   [   0% ] 1 VUs  00m02.0s/10m0s

running (00m03.0s), 1/1 VUs, 2 complete and 0 interrupted iterations
mixed   [   1% ] 1 VUs  00m03.0s/10m0s

running (00m04.0s), 1/1 VUs, 3 complete and 0 interrupted iterations
mixed   [   1% ] 1 VUs  00m04.0s/10m0s

running (00m05.0s), 1/1 VUs, 3 complete and 0 interrupted iterations
mixed   [   1% ] 1 VUs  00m05.0s/10m0s

running (00m06.0s), 1/1 VUs, 4 complete and 0 interrupted iterations
mixed   [   1% ] 1 VUs  00m06.0s/10m0s

running (00m07.0s), 1/1 VUs, 5 complete and 0 interrupted iterations
mixed   [   1% ] 1 VUs  00m07.0s/10m0s

running (00m08.0s), 1/1 VUs, 5 complete and 0 interrupted iterations
mixed   [   1% ] 1 VUs  00m08.0s/10m0s

running (00m09.0s), 1/1 VUs, 6 complete and 0 interrupted iterations
mixed   [   1% ] 1 VUs  00m09.0s/10m0s

running (00m10.0s), 1/1 VUs, 7 complete and 0 interrupted iterations
mixed   [   2% ] 1 VUs  00m10.0s/10m0s

running (00m11.0s), 1/1 VUs, 8 complete and 0 interrupted iterations
mixed   [   2% ] 1 VUs  00m11.0s/10m0s

running (00m12.0s), 1/1 VUs, 9 complete and 0 interrupted iterations
mixed   [   2% ] 1 VUs  00m12.0s/10m0s

running (00m13.0s), 1/1 VUs, 10 complete and 0 interrupted iterations
mixed   [   2% ] 1 VUs  00m13.0s/10m0s

running (00m14.0s), 1/1 VUs, 10 complete and 0 interrupted iterations
mixed   [   2% ] 1 VUs  00m14.0s/10m0s

running (00m15.0s), 1/1 VUs, 11 complete and 0 interrupted iterations
mixed   [   3% ] 1 VUs  00m15.0s/10m0s

running (00m16.0s), 1/1 VUs, 12 complete and 0 interrupted iterations
mixed   [   3% ] 1 VUs  00m16.0s/10m0s

running (00m17.0s), 1/1 VUs, 13 complete and 0 interrupted iterations
mixed   [   3% ] 1 VUs  00m17.0s/10m0s

running (00m18.0s), 1/1 VUs, 14 complete and 0 interrupted iterations
mixed   [   3% ] 1 VUs  00m18.0s/10m0s

running (00m19.0s), 1/1 VUs, 15 complete and 0 interrupted iterations
mixed   [   3% ] 1 VUs  00m19.0s/10m0s

running (00m20.0s), 1/1 VUs, 16 complete and 0 interrupted iterations
mixed   [   3% ] 1 VUs  00m20.0s/10m0s

running (00m21.0s), 1/1 VUs, 17 complete and 0 interrupted iterations
mixed   [   3% ] 1 VUs  00m21.0s/10m0s

running (00m22.0s), 1/1 VUs, 17 complete and 0 interrupted iterations
mixed   [   4% ] 1 VUs  00m22.0s/10m0s

running (00m23.0s), 1/1 VUs, 18 complete and 0 interrupted iterations
mixed   [   4% ] 1 VUs  00m23.0s/10m0s

running (00m24.0s), 1/1 VUs, 19 complete and 0 interrupted iterations
mixed   [   4% ] 1 VUs  00m24.0s/10m0s

running (00m25.0s), 1/1 VUs, 20 complete and 0 interrupted iterations
mixed   [   4% ] 1 VUs  00m25.0s/10m0s

running (00m26.0s), 1/1 VUs, 21 complete and 0 interrupted iterations
mixed   [   4% ] 1 VUs  00m26.0s/10m0s

running (00m27.0s), 1/1 VUs, 22 complete and 0 interrupted iterations
mixed   [   4% ] 1 VUs  00m27.0s/10m0s

running (00m28.0s), 1/1 VUs, 23 complete and 0 interrupted iterations
mixed   [   5% ] 1 VUs  00m28.0s/10m0s

running (00m29.0s), 1/1 VUs, 24 complete and 0 interrupted iterations
mixed   [   5% ] 1 VUs  00m29.0s/10m0s

running (00m30.0s), 1/1 VUs, 24 complete and 0 interrupted iterations
mixed   [   5% ] 1 VUs  00m30.0s/10m0s

running (00m31.0s), 1/1 VUs, 25 complete and 0 interrupted iterations
mixed   [   5% ] 1 VUs  00m31.0s/10m0s

running (00m32.0s), 1/1 VUs, 25 complete and 0 interrupted iterations
mixed   [   5% ] 1 VUs  00m32.0s/10m0s

running (00m33.0s), 1/1 VUs, 26 complete and 0 interrupted iterations
mixed   [   6% ] 1 VUs  00m33.0s/10m0s

running (00m34.0s), 1/1 VUs, 27 complete and 0 interrupted iterations
mixed   [   6% ] 1 VUs  00m34.0s/10m0s

running (00m35.0s), 1/1 VUs, 28 complete and 0 interrupted iterations
mixed   [   6% ] 1 VUs  00m35.0s/10m0s

running (00m36.0s), 1/1 VUs, 28 complete and 0 interrupted iterations
mixed   [   6% ] 1 VUs  00m36.0s/10m0s

running (00m37.0s), 1/1 VUs, 29 complete and 0 interrupted iterations
mixed   [   6% ] 1 VUs  00m37.0s/10m0s

running (00m38.0s), 1/1 VUs, 29 complete and 0 interrupted iterations
mixed   [   6% ] 1 VUs  00m38.0s/10m0s

running (00m39.0s), 1/1 VUs, 30 complete and 0 interrupted iterations
mixed   [   7% ] 1 VUs  00m39.0s/10m0s

running (00m40.0s), 1/1 VUs, 31 complete and 0 interrupted iterations
mixed   [   7% ] 1 VUs  00m40.0s/10m0s

running (00m41.0s), 1/1 VUs, 32 complete and 0 interrupted iterations
mixed   [   7% ] 1 VUs  00m41.0s/10m0s

running (00m42.0s), 1/1 VUs, 33 complete and 0 interrupted iterations
mixed   [   7% ] 1 VUs  00m42.0s/10m0s

running (00m43.0s), 1/1 VUs, 33 complete and 0 interrupted iterations
mixed   [   7% ] 1 VUs  00m43.0s/10m0s

running (00m44.0s), 1/1 VUs, 34 complete and 0 interrupted iterations
mixed   [   7% ] 1 VUs  00m44.0s/10m0s

running (00m45.0s), 1/1 VUs, 35 complete and 0 interrupted iterations
mixed   [   8% ] 1 VUs  00m45.0s/10m0s

running (00m46.0s), 1/1 VUs, 36 complete and 0 interrupted iterations
mixed   [   8% ] 1 VUs  00m46.0s/10m0s

running (00m47.0s), 1/1 VUs, 37 complete and 0 interrupted iterations
mixed   [   8% ] 1 VUs  00m47.0s/10m0s

running (00m48.0s), 1/1 VUs, 38 complete and 0 interrupted iterations
mixed   [   8% ] 1 VUs  00m48.0s/10m0s

running (00m49.0s), 1/1 VUs, 39 complete and 0 interrupted iterations
mixed   [   8% ] 1 VUs  00m49.0s/10m0s

running (00m50.0s), 1/1 VUs, 40 complete and 0 interrupted iterations
mixed   [   8% ] 1 VUs  00m50.0s/10m0s

running (00m51.0s), 1/1 VUs, 40 complete and 0 interrupted iterations
mixed   [   8% ] 1 VUs  00m51.0s/10m0s

running (00m52.0s), 1/1 VUs, 41 complete and 0 interrupted iterations
mixed   [   9% ] 1 VUs  00m52.0s/10m0s

running (00m53.0s), 1/1 VUs, 42 complete and 0 interrupted iterations
mixed   [   9% ] 1 VUs  00m53.0s/10m0s

running (00m54.0s), 1/1 VUs, 42 complete and 0 interrupted iterations
mixed   [   9% ] 1 VUs  00m54.0s/10m0s

running (00m55.0s), 1/1 VUs, 43 complete and 0 interrupted iterations
mixed   [   9% ] 1 VUs  00m55.0s/10m0s

running (00m56.0s), 1/1 VUs, 44 complete and 0 interrupted iterations
mixed   [   9% ] 1 VUs  00m56.0s/10m0s

running (00m57.0s), 1/1 VUs, 45 complete and 0 interrupted iterations
mixed   [  10% ] 1 VUs  00m57.0s/10m0s

running (00m58.0s), 1/1 VUs, 46 complete and 0 interrupted iterations
mixed   [  10% ] 1 VUs  00m58.0s/10m0s

running (00m59.0s), 1/1 VUs, 47 complete and 0 interrupted iterations
mixed   [  10% ] 1 VUs  00m59.0s/10m0s

running (01m00.0s), 1/1 VUs, 48 complete and 0 interrupted iterations
mixed   [  10% ] 1 VUs  01m00.0s/10m0s

running (01m01.0s), 1/1 VUs, 49 complete and 0 interrupted iterations
mixed   [  10% ] 1 VUs  01m01.0s/10m0s

running (01m02.0s), 1/1 VUs, 50 complete and 0 interrupted iterations
mixed   [  10% ] 1 VUs  01m02.0s/10m0s

running (01m03.0s), 1/1 VUs, 51 complete and 0 interrupted iterations
mixed   [  11% ] 1 VUs  01m03.0s/10m0s

running (01m04.0s), 1/1 VUs, 51 complete and 0 interrupted iterations
mixed   [  11% ] 1 VUs  01m04.0s/10m0s

running (01m05.0s), 1/1 VUs, 52 complete and 0 interrupted iterations
mixed   [  11% ] 1 VUs  01m05.0s/10m0s

running (01m06.0s), 1/1 VUs, 53 complete and 0 interrupted iterations
mixed   [  11% ] 1 VUs  01m06.0s/10m0s

running (01m07.0s), 1/1 VUs, 54 complete and 0 interrupted iterations
mixed   [  11% ] 1 VUs  01m07.0s/10m0s

running (01m08.0s), 1/1 VUs, 55 complete and 0 interrupted iterations
mixed   [  11% ] 1 VUs  01m08.0s/10m0s

running (01m09.0s), 1/1 VUs, 56 complete and 0 interrupted iterations
mixed   [  12% ] 1 VUs  01m09.0s/10m0s

running (01m10.0s), 1/1 VUs, 57 complete and 0 interrupted iterations
mixed   [  12% ] 1 VUs  01m10.0s/10m0s

running (01m11.0s), 1/1 VUs, 58 complete and 0 interrupted iterations
mixed   [  12% ] 1 VUs  01m11.0s/10m0s

running (01m12.0s), 1/1 VUs, 59 complete and 0 interrupted iterations
mixed   [  12% ] 1 VUs  01m12.0s/10m0s

running (01m13.0s), 1/1 VUs, 60 complete and 0 interrupted iterations
mixed   [  12% ] 1 VUs  01m13.0s/10m0s

running (01m14.0s), 1/1 VUs, 61 complete and 0 interrupted iterations
mixed   [  12% ] 1 VUs  01m14.0s/10m0s

running (01m15.0s), 1/1 VUs, 61 complete and 0 interrupted iterations
mixed   [  13% ] 1 VUs  01m15.0s/10m0s

running (01m16.0s), 1/1 VUs, 62 complete and 0 interrupted iterations
mixed   [  13% ] 1 VUs  01m16.0s/10m0s

running (01m17.0s), 1/1 VUs, 63 complete and 0 interrupted iterations
mixed   [  13% ] 1 VUs  01m17.0s/10m0s

running (01m18.0s), 1/1 VUs, 64 complete and 0 interrupted iterations
mixed   [  13% ] 1 VUs  01m18.0s/10m0s

running (01m19.0s), 1/1 VUs, 65 complete and 0 interrupted iterations
mixed   [  13% ] 1 VUs  01m19.0s/10m0s

running (01m20.0s), 1/1 VUs, 66 complete and 0 interrupted iterations
mixed   [  13% ] 1 VUs  01m20.0s/10m0s

running (01m21.0s), 1/1 VUs, 66 complete and 0 interrupted iterations
mixed   [  14% ] 1 VUs  01m21.0s/10m0s

running (01m22.0s), 1/1 VUs, 67 complete and 0 interrupted iterations
mixed   [  14% ] 1 VUs  01m22.0s/10m0s

running (01m23.0s), 1/1 VUs, 68 complete and 0 interrupted iterations
mixed   [  14% ] 1 VUs  01m23.0s/10m0s

running (01m24.0s), 1/1 VUs, 68 complete and 0 interrupted iterations
mixed   [  14% ] 1 VUs  01m24.0s/10m0s

running (01m25.0s), 1/1 VUs, 69 complete and 0 interrupted iterations
mixed   [  14% ] 1 VUs  01m25.0s/10m0s

running (01m26.0s), 1/1 VUs, 70 complete and 0 interrupted iterations
mixed   [  14% ] 1 VUs  01m26.0s/10m0s

running (01m27.0s), 1/1 VUs, 71 complete and 0 interrupted iterations
mixed   [  15% ] 1 VUs  01m27.0s/10m0s

running (01m28.0s), 1/1 VUs, 72 complete and 0 interrupted iterations
mixed   [  15% ] 1 VUs  01m28.0s/10m0s

running (01m29.0s), 1/1 VUs, 73 complete and 0 interrupted iterations
mixed   [  15% ] 1 VUs  01m29.0s/10m0s

running (01m30.0s), 1/1 VUs, 74 complete and 0 interrupted iterations
mixed   [  15% ] 1 VUs  01m30.0s/10m0s

running (01m31.0s), 1/1 VUs, 75 complete and 0 interrupted iterations
mixed   [  15% ] 1 VUs  01m31.0s/10m0s

running (01m32.0s), 1/1 VUs, 76 complete and 0 interrupted iterations
mixed   [  15% ] 1 VUs  01m32.0s/10m0s

running (01m33.0s), 1/1 VUs, 76 complete and 0 interrupted iterations
mixed   [  15% ] 1 VUs  01m33.0s/10m0s

running (01m34.0s), 1/1 VUs, 77 complete and 0 interrupted iterations
mixed   [  16% ] 1 VUs  01m34.0s/10m0s

running (01m35.0s), 1/1 VUs, 78 complete and 0 interrupted iterations
mixed   [  16% ] 1 VUs  01m35.0s/10m0s

running (01m36.0s), 1/1 VUs, 79 complete and 0 interrupted iterations
mixed   [  16% ] 1 VUs  01m36.0s/10m0s

running (01m37.0s), 1/1 VUs, 80 complete and 0 interrupted iterations
mixed   [  16% ] 1 VUs  01m37.0s/10m0s

running (01m38.0s), 1/1 VUs, 81 complete and 0 interrupted iterations
mixed   [  16% ] 1 VUs  01m38.0s/10m0s

running (01m39.0s), 1/1 VUs, 81 complete and 0 interrupted iterations
mixed   [  17% ] 1 VUs  01m39.0s/10m0s

running (01m40.0s), 1/1 VUs, 82 complete and 0 interrupted iterations
mixed   [  17% ] 1 VUs  01m40.0s/10m0s

running (01m41.0s), 1/1 VUs, 82 complete and 0 interrupted iterations
mixed   [  17% ] 1 VUs  01m41.0s/10m0s

running (01m42.0s), 1/1 VUs, 83 complete and 0 interrupted iterations
mixed   [  17% ] 1 VUs  01m42.0s/10m0s

running (01m43.0s), 1/1 VUs, 84 complete and 0 interrupted iterations
mixed   [  17% ] 1 VUs  01m43.0s/10m0s

running (01m44.0s), 1/1 VUs, 85 complete and 0 interrupted iterations
mixed   [  17% ] 1 VUs  01m44.0s/10m0s

running (01m45.0s), 1/1 VUs, 86 complete and 0 interrupted iterations
mixed   [  18% ] 1 VUs  01m45.0s/10m0s

running (01m46.0s), 1/1 VUs, 87 complete and 0 interrupted iterations
mixed   [  18% ] 1 VUs  01m46.0s/10m0s

running (01m47.0s), 1/1 VUs, 88 complete and 0 interrupted iterations
mixed   [  18% ] 1 VUs  01m47.0s/10m0s

running (01m48.0s), 1/1 VUs, 89 complete and 0 interrupted iterations
mixed   [  18% ] 1 VUs  01m48.0s/10m0s

running (01m49.0s), 1/1 VUs, 90 complete and 0 interrupted iterations
mixed   [  18% ] 1 VUs  01m49.0s/10m0s

running (01m50.0s), 1/1 VUs, 91 complete and 0 interrupted iterations
mixed   [  18% ] 1 VUs  01m50.0s/10m0s

running (01m51.0s), 1/1 VUs, 91 complete and 0 interrupted iterations
mixed   [  18% ] 1 VUs  01m51.0s/10m0s

running (01m52.0s), 1/1 VUs, 92 complete and 0 interrupted iterations
mixed   [  19% ] 1 VUs  01m52.0s/10m0s

running (01m53.0s), 1/1 VUs, 93 complete and 0 interrupted iterations
mixed   [  19% ] 1 VUs  01m53.0s/10m0s

running (01m54.0s), 1/1 VUs, 94 complete and 0 interrupted iterations
mixed   [  19% ] 1 VUs  01m54.0s/10m0s

running (01m55.0s), 1/1 VUs, 94 complete and 0 interrupted iterations
mixed   [  19% ] 1 VUs  01m55.0s/10m0s

running (01m56.0s), 1/1 VUs, 95 complete and 0 interrupted iterations
mixed   [  19% ] 1 VUs  01m56.0s/10m0s

running (01m57.0s), 1/1 VUs, 95 complete and 0 interrupted iterations
mixed   [  20% ] 1 VUs  01m57.0s/10m0s

running (01m58.0s), 1/1 VUs, 96 complete and 0 interrupted iterations
mixed   [  20% ] 1 VUs  01m58.0s/10m0s

running (01m59.0s), 1/1 VUs, 97 complete and 0 interrupted iterations
mixed   [  20% ] 1 VUs  01m59.0s/10m0s

running (02m00.0s), 1/1 VUs, 98 complete and 0 interrupted iterations
mixed   [  20% ] 1 VUs  02m00.0s/10m0s

running (02m01.0s), 1/1 VUs, 99 complete and 0 interrupted iterations
mixed   [  20% ] 1 VUs  02m01.0s/10m0s

running (02m02.0s), 1/1 VUs, 100 complete and 0 interrupted iterations
mixed   [  20% ] 1 VUs  02m02.0s/10m0s

running (02m03.0s), 1/1 VUs, 101 complete and 0 interrupted iterations
mixed   [  20% ] 1 VUs  02m03.0s/10m0s

running (02m04.0s), 1/1 VUs, 102 complete and 0 interrupted iterations
mixed   [  21% ] 1 VUs  02m04.0s/10m0s

running (02m05.0s), 1/1 VUs, 103 complete and 0 interrupted iterations
mixed   [  21% ] 1 VUs  02m05.0s/10m0s

running (02m06.0s), 1/1 VUs, 103 complete and 0 interrupted iterations
mixed   [  21% ] 1 VUs  02m06.0s/10m0s

running (02m07.0s), 1/1 VUs, 104 complete and 0 interrupted iterations
mixed   [  21% ] 1 VUs  02m07.0s/10m0s

running (02m08.0s), 1/1 VUs, 105 complete and 0 interrupted iterations
mixed   [  21% ] 1 VUs  02m08.0s/10m0s

running (02m09.0s), 1/1 VUs, 105 complete and 0 interrupted iterations
mixed   [  22% ] 1 VUs  02m09.0s/10m0s

running (02m10.0s), 1/1 VUs, 106 complete and 0 interrupted iterations
mixed   [  22% ] 1 VUs  02m10.0s/10m0s

running (02m11.0s), 1/1 VUs, 107 complete and 0 interrupted iterations
mixed   [  22% ] 1 VUs  02m11.0s/10m0s

running (02m12.0s), 1/1 VUs, 108 complete and 0 interrupted iterations
mixed   [  22% ] 1 VUs  02m12.0s/10m0s

running (02m13.0s), 1/1 VUs, 109 complete and 0 interrupted iterations
mixed   [  22% ] 1 VUs  02m13.0s/10m0s

running (02m14.0s), 1/1 VUs, 110 complete and 0 interrupted iterations
mixed   [  22% ] 1 VUs  02m14.0s/10m0s

running (02m15.0s), 1/1 VUs, 111 complete and 0 interrupted iterations
mixed   [  23% ] 1 VUs  02m15.0s/10m0s

running (02m16.0s), 1/1 VUs, 111 complete and 0 interrupted iterations
mixed   [  23% ] 1 VUs  02m16.0s/10m0s

running (02m17.0s), 1/1 VUs, 112 complete and 0 interrupted iterations
mixed   [  23% ] 1 VUs  02m17.0s/10m0s

running (02m18.0s), 1/1 VUs, 113 complete and 0 interrupted iterations
mixed   [  23% ] 1 VUs  02m18.0s/10m0s

running (02m19.0s), 1/1 VUs, 114 complete and 0 interrupted iterations
mixed   [  23% ] 1 VUs  02m19.0s/10m0s

running (02m20.0s), 1/1 VUs, 115 complete and 0 interrupted iterations
mixed   [  23% ] 1 VUs  02m20.0s/10m0s

running (02m21.0s), 1/1 VUs, 116 complete and 0 interrupted iterations
mixed   [  24% ] 1 VUs  02m21.0s/10m0s

running (02m22.0s), 1/1 VUs, 117 complete and 0 interrupted iterations
mixed   [  24% ] 1 VUs  02m22.0s/10m0s

running (02m23.0s), 1/1 VUs, 118 complete and 0 interrupted iterations
mixed   [  24% ] 1 VUs  02m23.0s/10m0s

running (02m24.0s), 1/1 VUs, 119 complete and 0 interrupted iterations
mixed   [  24% ] 1 VUs  02m24.0s/10m0s

running (02m25.0s), 1/1 VUs, 119 complete and 0 interrupted iterations
mixed   [  24% ] 1 VUs  02m25.0s/10m0s

running (02m26.0s), 1/1 VUs, 120 complete and 0 interrupted iterations
mixed   [  24% ] 1 VUs  02m26.0s/10m0s

running (02m27.0s), 1/1 VUs, 121 complete and 0 interrupted iterations
mixed   [  25% ] 1 VUs  02m27.0s/10m0s

running (02m28.0s), 1/1 VUs, 122 complete and 0 interrupted iterations
mixed   [  25% ] 1 VUs  02m28.0s/10m0s

running (02m29.0s), 1/1 VUs, 123 complete and 0 interrupted iterations
mixed   [  25% ] 1 VUs  02m29.0s/10m0s

running (02m30.0s), 1/1 VUs, 124 complete and 0 interrupted iterations
mixed   [  25% ] 1 VUs  02m30.0s/10m0s

running (02m31.0s), 1/1 VUs, 125 complete and 0 interrupted iterations
mixed   [  25% ] 1 VUs  02m31.0s/10m0s

running (02m32.0s), 1/1 VUs, 126 complete and 0 interrupted iterations
mixed   [  25% ] 1 VUs  02m32.0s/10m0s

running (02m33.0s), 1/1 VUs, 126 complete and 0 interrupted iterations
mixed   [  26% ] 1 VUs  02m33.0s/10m0s

running (02m34.0s), 1/1 VUs, 126 complete and 0 interrupted iterations
mixed   [  26% ] 1 VUs  02m34.0s/10m0s

running (02m35.0s), 1/1 VUs, 127 complete and 0 interrupted iterations
mixed   [  26% ] 1 VUs  02m35.0s/10m0s

running (02m36.0s), 1/1 VUs, 128 complete and 0 interrupted iterations
mixed   [  26% ] 1 VUs  02m36.0s/10m0s

running (02m37.0s), 1/1 VUs, 129 complete and 0 interrupted iterations
mixed   [  26% ] 1 VUs  02m37.0s/10m0s

running (02m38.0s), 1/1 VUs, 130 complete and 0 interrupted iterations
mixed   [  26% ] 1 VUs  02m38.0s/10m0s

running (02m39.0s), 1/1 VUs, 130 complete and 0 interrupted iterations
mixed   [  26% ] 1 VUs  02m39.0s/10m0s

running (02m40.0s), 1/1 VUs, 131 complete and 0 interrupted iterations
mixed   [  27% ] 1 VUs  02m40.0s/10m0s

running (02m41.0s), 1/1 VUs, 132 complete and 0 interrupted iterations
mixed   [  27% ] 1 VUs  02m41.0s/10m0s

running (02m42.0s), 1/1 VUs, 133 complete and 0 interrupted iterations
mixed   [  27% ] 1 VUs  02m42.0s/10m0s

running (02m43.0s), 1/1 VUs, 134 complete and 0 interrupted iterations
mixed   [  27% ] 1 VUs  02m43.0s/10m0s

running (02m44.0s), 1/1 VUs, 135 complete and 0 interrupted iterations
mixed   [  27% ] 1 VUs  02m44.0s/10m0s

running (02m45.0s), 1/1 VUs, 136 complete and 0 interrupted iterations
mixed   [  28% ] 1 VUs  02m45.0s/10m0s

running (02m46.0s), 1/1 VUs, 137 complete and 0 interrupted iterations
mixed   [  28% ] 1 VUs  02m46.0s/10m0s

running (02m47.0s), 1/1 VUs, 138 complete and 0 interrupted iterations
mixed   [  28% ] 1 VUs  02m47.0s/10m0s

running (02m48.0s), 1/1 VUs, 139 complete and 0 interrupted iterations
mixed   [  28% ] 1 VUs  02m48.0s/10m0s

running (02m49.0s), 1/1 VUs, 139 complete and 0 interrupted iterations
mixed   [  28% ] 1 VUs  02m49.0s/10m0s

running (02m50.0s), 1/1 VUs, 140 complete and 0 interrupted iterations
mixed   [  28% ] 1 VUs  02m50.0s/10m0s

running (02m51.0s), 1/1 VUs, 141 complete and 0 interrupted iterations
mixed   [  29% ] 1 VUs  02m51.0s/10m0s

running (02m52.0s), 1/1 VUs, 142 complete and 0 interrupted iterations
mixed   [  29% ] 1 VUs  02m52.0s/10m0s

running (02m53.0s), 1/1 VUs, 143 complete and 0 interrupted iterations
mixed   [  29% ] 1 VUs  02m53.0s/10m0s

running (02m54.0s), 1/1 VUs, 144 complete and 0 interrupted iterations
mixed   [  29% ] 1 VUs  02m54.0s/10m0s

running (02m55.0s), 1/1 VUs, 144 complete and 0 interrupted iterations
mixed   [  29% ] 1 VUs  02m55.0s/10m0s

running (02m56.0s), 1/1 VUs, 145 complete and 0 interrupted iterations
mixed   [  29% ] 1 VUs  02m56.0s/10m0s

running (02m57.0s), 1/1 VUs, 146 complete and 0 interrupted iterations
mixed   [  29% ] 1 VUs  02m57.0s/10m0s

running (02m58.0s), 1/1 VUs, 147 complete and 0 interrupted iterations
mixed   [  30% ] 1 VUs  02m58.0s/10m0s

running (02m59.0s), 1/1 VUs, 148 complete and 0 interrupted iterations
mixed   [  30% ] 1 VUs  02m59.0s/10m0s

running (03m00.0s), 1/1 VUs, 149 complete and 0 interrupted iterations
mixed   [  30% ] 1 VUs  03m00.0s/10m0s

running (03m01.0s), 1/1 VUs, 149 complete and 0 interrupted iterations
mixed   [  30% ] 1 VUs  03m01.0s/10m0s

running (03m02.0s), 1/1 VUs, 150 complete and 0 interrupted iterations
mixed   [  30% ] 1 VUs  03m02.0s/10m0s

running (03m03.0s), 1/1 VUs, 151 complete and 0 interrupted iterations
mixed   [  30% ] 1 VUs  03m03.0s/10m0s

running (03m04.0s), 1/1 VUs, 152 complete and 0 interrupted iterations
mixed   [  31% ] 1 VUs  03m04.0s/10m0s

running (03m05.0s), 1/1 VUs, 153 complete and 0 interrupted iterations
mixed   [  31% ] 1 VUs  03m05.0s/10m0s

running (03m06.0s), 1/1 VUs, 154 complete and 0 interrupted iterations
mixed   [  31% ] 1 VUs  03m06.0s/10m0s

running (03m07.0s), 1/1 VUs, 155 complete and 0 interrupted iterations
mixed   [  31% ] 1 VUs  03m07.0s/10m0s

running (03m08.0s), 1/1 VUs, 156 complete and 0 interrupted iterations
mixed   [  31% ] 1 VUs  03m08.0s/10m0s

running (03m09.0s), 1/1 VUs, 157 complete and 0 interrupted iterations
mixed   [  32% ] 1 VUs  03m09.0s/10m0s

running (03m10.0s), 1/1 VUs, 158 complete and 0 interrupted iterations
mixed   [  32% ] 1 VUs  03m10.0s/10m0s

running (03m11.0s), 1/1 VUs, 158 complete and 0 interrupted iterations
mixed   [  32% ] 1 VUs  03m11.0s/10m0s

running (03m12.0s), 1/1 VUs, 159 complete and 0 interrupted iterations
mixed   [  32% ] 1 VUs  03m12.0s/10m0s

running (03m13.0s), 1/1 VUs, 160 complete and 0 interrupted iterations
mixed   [  32% ] 1 VUs  03m13.0s/10m0s

running (03m14.0s), 1/1 VUs, 160 complete and 0 interrupted iterations
mixed   [  32% ] 1 VUs  03m14.0s/10m0s

running (03m15.0s), 1/1 VUs, 161 complete and 0 interrupted iterations
mixed   [  32% ] 1 VUs  03m15.0s/10m0s

running (03m16.0s), 1/1 VUs, 162 complete and 0 interrupted iterations
mixed   [  33% ] 1 VUs  03m16.0s/10m0s

running (03m17.0s), 1/1 VUs, 162 complete and 0 interrupted iterations
mixed   [  33% ] 1 VUs  03m17.0s/10m0s

running (03m18.0s), 1/1 VUs, 163 complete and 0 interrupted iterations
mixed   [  33% ] 1 VUs  03m18.0s/10m0s

running (03m19.0s), 1/1 VUs, 164 complete and 0 interrupted iterations
mixed   [  33% ] 1 VUs  03m19.0s/10m0s

running (03m20.0s), 1/1 VUs, 165 complete and 0 interrupted iterations
mixed   [  33% ] 1 VUs  03m20.0s/10m0s

running (03m21.0s), 1/1 VUs, 165 complete and 0 interrupted iterations
mixed   [  34% ] 1 VUs  03m21.0s/10m0s

running (03m22.0s), 1/1 VUs, 166 complete and 0 interrupted iterations
mixed   [  34% ] 1 VUs  03m22.0s/10m0s

running (03m23.0s), 1/1 VUs, 167 complete and 0 interrupted iterations
mixed   [  34% ] 1 VUs  03m23.0s/10m0s

running (03m24.0s), 1/1 VUs, 168 complete and 0 interrupted iterations
mixed   [  34% ] 1 VUs  03m24.0s/10m0s

running (03m25.0s), 1/1 VUs, 169 complete and 0 interrupted iterations
mixed   [  34% ] 1 VUs  03m25.0s/10m0s

running (03m26.0s), 1/1 VUs, 170 complete and 0 interrupted iterations
mixed   [  34% ] 1 VUs  03m26.0s/10m0s

running (03m27.0s), 1/1 VUs, 170 complete and 0 interrupted iterations
mixed   [  34% ] 1 VUs  03m27.0s/10m0s

running (03m28.0s), 1/1 VUs, 171 complete and 0 interrupted iterations
mixed   [  35% ] 1 VUs  03m28.0s/10m0s

running (03m29.0s), 1/1 VUs, 171 complete and 0 interrupted iterations
mixed   [  35% ] 1 VUs  03m29.0s/10m0s

running (03m30.0s), 1/1 VUs, 172 complete and 0 interrupted iterations
mixed   [  35% ] 1 VUs  03m30.0s/10m0s

running (03m31.0s), 1/1 VUs, 173 complete and 0 interrupted iterations
mixed   [  35% ] 1 VUs  03m31.0s/10m0s

running (03m32.0s), 1/1 VUs, 174 complete and 0 interrupted iterations
mixed   [  35% ] 1 VUs  03m32.0s/10m0s

running (03m33.0s), 1/1 VUs, 175 complete and 0 interrupted iterations
mixed   [  36% ] 1 VUs  03m33.0s/10m0s

running (03m34.0s), 1/1 VUs, 176 complete and 0 interrupted iterations
mixed   [  36% ] 1 VUs  03m34.0s/10m0s

running (03m35.0s), 1/1 VUs, 177 complete and 0 interrupted iterations
mixed   [  36% ] 1 VUs  03m35.0s/10m0s

running (03m36.0s), 1/1 VUs, 178 complete and 0 interrupted iterations
mixed   [  36% ] 1 VUs  03m36.0s/10m0s

running (03m37.0s), 1/1 VUs, 178 complete and 0 interrupted iterations
mixed   [  36% ] 1 VUs  03m37.0s/10m0s

running (03m38.0s), 1/1 VUs, 179 complete and 0 interrupted iterations
mixed   [  36% ] 1 VUs  03m38.0s/10m0s

running (03m39.0s), 1/1 VUs, 179 complete and 0 interrupted iterations
mixed   [  36% ] 1 VUs  03m39.0s/10m0s

running (03m40.0s), 1/1 VUs, 180 complete and 0 interrupted iterations
mixed   [  37% ] 1 VUs  03m40.0s/10m0s

running (03m41.0s), 1/1 VUs, 181 complete and 0 interrupted iterations
mixed   [  37% ] 1 VUs  03m41.0s/10m0s

running (03m42.0s), 1/1 VUs, 182 complete and 0 interrupted iterations
mixed   [  37% ] 1 VUs  03m42.0s/10m0s

running (03m43.0s), 1/1 VUs, 183 complete and 0 interrupted iterations
mixed   [  37% ] 1 VUs  03m43.0s/10m0s

running (03m44.0s), 1/1 VUs, 184 complete and 0 interrupted iterations
mixed   [  37% ] 1 VUs  03m44.0s/10m0s

running (03m45.0s), 1/1 VUs, 185 complete and 0 interrupted iterations
mixed   [  38% ] 1 VUs  03m45.0s/10m0s

running (03m46.0s), 1/1 VUs, 186 complete and 0 interrupted iterations
mixed   [  38% ] 1 VUs  03m46.0s/10m0s

running (03m47.0s), 1/1 VUs, 186 complete and 0 interrupted iterations
mixed   [  38% ] 1 VUs  03m47.0s/10m0s

running (03m48.0s), 1/1 VUs, 187 complete and 0 interrupted iterations
mixed   [  38% ] 1 VUs  03m48.0s/10m0s

running (03m49.0s), 1/1 VUs, 188 complete and 0 interrupted iterations
mixed   [  38% ] 1 VUs  03m49.0s/10m0s

running (03m50.0s), 1/1 VUs, 189 complete and 0 interrupted iterations
mixed   [  38% ] 1 VUs  03m50.0s/10m0s

running (03m51.0s), 1/1 VUs, 190 complete and 0 interrupted iterations
mixed   [  39% ] 1 VUs  03m51.0s/10m0s

running (03m52.0s), 1/1 VUs, 190 complete and 0 interrupted iterations
mixed   [  39% ] 1 VUs  03m52.0s/10m0s

running (03m53.0s), 1/1 VUs, 191 complete and 0 interrupted iterations
mixed   [  39% ] 1 VUs  03m53.0s/10m0s

running (03m54.0s), 1/1 VUs, 192 complete and 0 interrupted iterations
mixed   [  39% ] 1 VUs  03m54.0s/10m0s

running (03m55.0s), 1/1 VUs, 193 complete and 0 interrupted iterations
mixed   [  39% ] 1 VUs  03m55.0s/10m0s

running (03m56.0s), 1/1 VUs, 194 complete and 0 interrupted iterations
mixed   [  39% ] 1 VUs  03m56.0s/10m0s

running (03m57.0s), 1/1 VUs, 195 complete and 0 interrupted iterations
mixed   [  39% ] 1 VUs  03m57.0s/10m0s

running (03m58.0s), 1/1 VUs, 195 complete and 0 interrupted iterations
mixed   [  40% ] 1 VUs  03m58.0s/10m0s

running (03m59.0s), 1/1 VUs, 196 complete and 0 interrupted iterations
mixed   [  40% ] 1 VUs  03m59.0s/10m0s

running (04m00.0s), 1/1 VUs, 197 complete and 0 interrupted iterations
mixed   [  40% ] 1 VUs  04m00.0s/10m0s

running (04m01.0s), 1/1 VUs, 197 complete and 0 interrupted iterations
mixed   [  40% ] 1 VUs  04m01.0s/10m0s

running (04m02.0s), 1/1 VUs, 198 complete and 0 interrupted iterations
mixed   [  40% ] 1 VUs  04m02.0s/10m0s

running (04m03.0s), 1/1 VUs, 199 complete and 0 interrupted iterations
mixed   [  40% ] 1 VUs  04m03.0s/10m0s

running (04m04.0s), 1/1 VUs, 200 complete and 0 interrupted iterations
mixed   [  41% ] 1 VUs  04m04.0s/10m0s

running (04m05.0s), 1/1 VUs, 201 complete and 0 interrupted iterations
mixed   [  41% ] 1 VUs  04m05.0s/10m0s

running (04m06.0s), 1/1 VUs, 202 complete and 0 interrupted iterations
mixed   [  41% ] 1 VUs  04m06.0s/10m0s

running (04m07.0s), 1/1 VUs, 203 complete and 0 interrupted iterations
mixed   [  41% ] 1 VUs  04m07.0s/10m0s

running (04m08.0s), 1/1 VUs, 203 complete and 0 interrupted iterations
mixed   [  41% ] 1 VUs  04m08.0s/10m0s

running (04m09.0s), 1/1 VUs, 204 complete and 0 interrupted iterations
mixed   [  42% ] 1 VUs  04m09.0s/10m0s

running (04m10.0s), 1/1 VUs, 205 complete and 0 interrupted iterations
mixed   [  42% ] 1 VUs  04m10.0s/10m0s

running (04m11.0s), 1/1 VUs, 206 complete and 0 interrupted iterations
mixed   [  42% ] 1 VUs  04m11.0s/10m0s

running (04m12.0s), 1/1 VUs, 207 complete and 0 interrupted iterations
mixed   [  42% ] 1 VUs  04m12.0s/10m0s

running (04m13.0s), 1/1 VUs, 208 complete and 0 interrupted iterations
mixed   [  42% ] 1 VUs  04m13.0s/10m0s

running (04m14.0s), 1/1 VUs, 209 complete and 0 interrupted iterations
mixed   [  42% ] 1 VUs  04m14.0s/10m0s

running (04m15.0s), 1/1 VUs, 210 complete and 0 interrupted iterations
mixed   [  43% ] 1 VUs  04m15.0s/10m0s

running (04m16.0s), 1/1 VUs, 211 complete and 0 interrupted iterations
mixed   [  43% ] 1 VUs  04m16.0s/10m0s

running (04m17.0s), 1/1 VUs, 211 complete and 0 interrupted iterations
mixed   [  43% ] 1 VUs  04m17.0s/10m0s

running (04m18.0s), 1/1 VUs, 212 complete and 0 interrupted iterations
mixed   [  43% ] 1 VUs  04m18.0s/10m0s

running (04m19.0s), 1/1 VUs, 213 complete and 0 interrupted iterations
mixed   [  43% ] 1 VUs  04m19.0s/10m0s

running (04m20.0s), 1/1 VUs, 214 complete and 0 interrupted iterations
mixed   [  43% ] 1 VUs  04m20.0s/10m0s

running (04m21.0s), 1/1 VUs, 215 complete and 0 interrupted iterations
mixed   [  44% ] 1 VUs  04m21.0s/10m0s

running (04m22.0s), 1/1 VUs, 216 complete and 0 interrupted iterations
mixed   [  44% ] 1 VUs  04m22.0s/10m0s

running (04m23.0s), 1/1 VUs, 216 complete and 0 interrupted iterations
mixed   [  44% ] 1 VUs  04m23.0s/10m0s

running (04m24.0s), 1/1 VUs, 217 complete and 0 interrupted iterations
mixed   [  44% ] 1 VUs  04m24.0s/10m0s

running (04m25.0s), 1/1 VUs, 218 complete and 0 interrupted iterations
mixed   [  44% ] 1 VUs  04m25.0s/10m0s

running (04m26.0s), 1/1 VUs, 219 complete and 0 interrupted iterations
mixed   [  44% ] 1 VUs  04m26.0s/10m0s

running (04m27.0s), 1/1 VUs, 220 complete and 0 interrupted iterations
mixed   [  44% ] 1 VUs  04m27.0s/10m0s

running (04m28.0s), 1/1 VUs, 221 complete and 0 interrupted iterations
mixed   [  45% ] 1 VUs  04m28.0s/10m0s

running (04m29.0s), 1/1 VUs, 222 complete and 0 interrupted iterations
mixed   [  45% ] 1 VUs  04m29.0s/10m0s

running (04m30.0s), 1/1 VUs, 223 complete and 0 interrupted iterations
mixed   [  45% ] 1 VUs  04m30.0s/10m0s

running (04m31.0s), 1/1 VUs, 223 complete and 0 interrupted iterations
mixed   [  45% ] 1 VUs  04m31.0s/10m0s

running (04m32.0s), 1/1 VUs, 224 complete and 0 interrupted iterations
mixed   [  45% ] 1 VUs  04m32.0s/10m0s

running (04m33.0s), 1/1 VUs, 224 complete and 0 interrupted iterations
mixed   [  46% ] 1 VUs  04m33.0s/10m0s

running (04m34.0s), 1/1 VUs, 225 complete and 0 interrupted iterations
mixed   [  46% ] 1 VUs  04m34.0s/10m0s

running (04m35.0s), 1/1 VUs, 226 complete and 0 interrupted iterations
mixed   [  46% ] 1 VUs  04m35.0s/10m0s

running (04m36.0s), 1/1 VUs, 227 complete and 0 interrupted iterations
mixed   [  46% ] 1 VUs  04m36.0s/10m0s

running (04m37.0s), 1/1 VUs, 228 complete and 0 interrupted iterations
mixed   [  46% ] 1 VUs  04m37.0s/10m0s

running (04m38.0s), 1/1 VUs, 229 complete and 0 interrupted iterations
mixed   [  46% ] 1 VUs  04m38.0s/10m0s

running (04m39.0s), 1/1 VUs, 230 complete and 0 interrupted iterations
mixed   [  47% ] 1 VUs  04m39.0s/10m0s

running (04m40.0s), 1/1 VUs, 231 complete and 0 interrupted iterations
mixed   [  47% ] 1 VUs  04m40.0s/10m0s

running (04m41.0s), 1/1 VUs, 231 complete and 0 interrupted iterations
mixed   [  47% ] 1 VUs  04m41.0s/10m0s

running (04m42.0s), 1/1 VUs, 232 complete and 0 interrupted iterations
mixed   [  47% ] 1 VUs  04m42.0s/10m0s

running (04m43.0s), 1/1 VUs, 233 complete and 0 interrupted iterations
mixed   [  47% ] 1 VUs  04m43.0s/10m0s

running (04m44.0s), 1/1 VUs, 234 complete and 0 interrupted iterations
mixed   [  47% ] 1 VUs  04m44.0s/10m0s

running (04m45.0s), 1/1 VUs, 235 complete and 0 interrupted iterations
mixed   [  48% ] 1 VUs  04m45.0s/10m0s

running (04m46.0s), 1/1 VUs, 235 complete and 0 interrupted iterations
mixed   [  48% ] 1 VUs  04m46.0s/10m0s

running (04m47.0s), 1/1 VUs, 236 complete and 0 interrupted iterations
mixed   [  48% ] 1 VUs  04m47.0s/10m0s

running (04m48.0s), 1/1 VUs, 237 complete and 0 interrupted iterations
mixed   [  48% ] 1 VUs  04m48.0s/10m0s

running (04m49.0s), 1/1 VUs, 237 complete and 0 interrupted iterations
mixed   [  48% ] 1 VUs  04m49.0s/10m0s

running (04m50.0s), 1/1 VUs, 238 complete and 0 interrupted iterations
mixed   [  48% ] 1 VUs  04m50.0s/10m0s

running (04m51.0s), 1/1 VUs, 239 complete and 0 interrupted iterations
mixed   [  48% ] 1 VUs  04m51.0s/10m0s

running (04m52.0s), 1/1 VUs, 240 complete and 0 interrupted iterations
mixed   [  49% ] 1 VUs  04m52.0s/10m0s

running (04m53.0s), 1/1 VUs, 241 complete and 0 interrupted iterations
mixed   [  49% ] 1 VUs  04m53.0s/10m0s

running (04m54.0s), 1/1 VUs, 242 complete and 0 interrupted iterations
mixed   [  49% ] 1 VUs  04m54.0s/10m0s

running (04m55.0s), 1/1 VUs, 243 complete and 0 interrupted iterations
mixed   [  49% ] 1 VUs  04m55.0s/10m0s

running (04m56.0s), 1/1 VUs, 244 complete and 0 interrupted iterations
mixed   [  49% ] 1 VUs  04m56.0s/10m0s

running (04m57.0s), 1/1 VUs, 245 complete and 0 interrupted iterations
mixed   [  50% ] 1 VUs  04m57.0s/10m0s

running (04m58.0s), 1/1 VUs, 246 complete and 0 interrupted iterations
mixed   [  50% ] 1 VUs  04m58.0s/10m0s

running (04m59.0s), 1/1 VUs, 247 complete and 0 interrupted iterations
mixed   [  50% ] 1 VUs  04m59.0s/10m0s

running (05m00.0s), 1/1 VUs, 248 complete and 0 interrupted iterations
mixed   [  50% ] 1 VUs  05m00.0s/10m0s

running (05m01.0s), 1/1 VUs, 249 complete and 0 interrupted iterations
mixed   [  50% ] 1 VUs  05m01.0s/10m0s

running (05m02.0s), 1/1 VUs, 250 complete and 0 interrupted iterations
mixed   [  50% ] 1 VUs  05m02.0s/10m0s

running (05m03.0s), 1/1 VUs, 251 complete and 0 interrupted iterations
mixed   [  51% ] 1 VUs  05m03.0s/10m0s

running (05m04.0s), 1/1 VUs, 252 complete and 0 interrupted iterations
mixed   [  51% ] 1 VUs  05m04.0s/10m0s

running (05m05.0s), 1/1 VUs, 253 complete and 0 interrupted iterations
mixed   [  51% ] 1 VUs  05m05.0s/10m0s

running (05m06.0s), 1/1 VUs, 254 complete and 0 interrupted iterations
mixed   [  51% ] 1 VUs  05m06.0s/10m0s

running (05m07.0s), 1/1 VUs, 255 complete and 0 interrupted iterations
mixed   [  51% ] 1 VUs  05m07.0s/10m0s

running (05m08.0s), 1/1 VUs, 256 complete and 0 interrupted iterations
mixed   [  51% ] 1 VUs  05m08.0s/10m0s

running (05m09.0s), 1/1 VUs, 256 complete and 0 interrupted iterations
mixed   [  51% ] 1 VUs  05m09.0s/10m0s

running (05m10.0s), 1/1 VUs, 257 complete and 0 interrupted iterations
mixed   [  52% ] 1 VUs  05m10.0s/10m0s

running (05m11.0s), 1/1 VUs, 258 complete and 0 interrupted iterations
mixed   [  52% ] 1 VUs  05m11.0s/10m0s

running (05m12.0s), 1/1 VUs, 259 complete and 0 interrupted iterations
mixed   [  52% ] 1 VUs  05m12.0s/10m0s

running (05m13.0s), 1/1 VUs, 260 complete and 0 interrupted iterations
mixed   [  52% ] 1 VUs  05m13.0s/10m0s

running (05m14.0s), 1/1 VUs, 260 complete and 0 interrupted iterations
mixed   [  52% ] 1 VUs  05m14.0s/10m0s

running (05m15.0s), 1/1 VUs, 261 complete and 0 interrupted iterations
mixed   [  53% ] 1 VUs  05m15.0s/10m0s

running (05m16.0s), 1/1 VUs, 262 complete and 0 interrupted iterations
mixed   [  53% ] 1 VUs  05m16.0s/10m0s

running (05m17.0s), 1/1 VUs, 263 complete and 0 interrupted iterations
mixed   [  53% ] 1 VUs  05m17.0s/10m0s

running (05m18.0s), 1/1 VUs, 264 complete and 0 interrupted iterations
mixed   [  53% ] 1 VUs  05m18.0s/10m0s

running (05m19.0s), 1/1 VUs, 264 complete and 0 interrupted iterations
mixed   [  53% ] 1 VUs  05m19.0s/10m0s

running (05m20.0s), 1/1 VUs, 265 complete and 0 interrupted iterations
mixed   [  53% ] 1 VUs  05m20.0s/10m0s

running (05m21.0s), 1/1 VUs, 266 complete and 0 interrupted iterations
mixed   [  54% ] 1 VUs  05m21.0s/10m0s

running (05m22.0s), 1/1 VUs, 267 complete and 0 interrupted iterations
mixed   [  54% ] 1 VUs  05m22.0s/10m0s

running (05m23.0s), 1/1 VUs, 268 complete and 0 interrupted iterations
mixed   [  54% ] 1 VUs  05m23.0s/10m0s

running (05m24.0s), 1/1 VUs, 269 complete and 0 interrupted iterations
mixed   [  54% ] 1 VUs  05m24.0s/10m0s

running (05m25.0s), 1/1 VUs, 270 complete and 0 interrupted iterations
mixed   [  54% ] 1 VUs  05m25.0s/10m0s

running (05m26.0s), 1/1 VUs, 271 complete and 0 interrupted iterations
mixed   [  54% ] 1 VUs  05m26.0s/10m0s

running (05m27.0s), 1/1 VUs, 272 complete and 0 interrupted iterations
mixed   [  55% ] 1 VUs  05m27.0s/10m0s

running (05m28.0s), 1/1 VUs, 272 complete and 0 interrupted iterations
mixed   [  55% ] 1 VUs  05m28.0s/10m0s

running (05m29.0s), 1/1 VUs, 273 complete and 0 interrupted iterations
mixed   [  55% ] 1 VUs  05m29.0s/10m0s

running (05m30.0s), 1/1 VUs, 274 complete and 0 interrupted iterations
mixed   [  55% ] 1 VUs  05m30.0s/10m0s

running (05m31.0s), 1/1 VUs, 275 complete and 0 interrupted iterations
mixed   [  55% ] 1 VUs  05m31.0s/10m0s

running (05m32.0s), 1/1 VUs, 276 complete and 0 interrupted iterations
mixed   [  55% ] 1 VUs  05m32.0s/10m0s

running (05m33.0s), 1/1 VUs, 277 complete and 0 interrupted iterations
mixed   [  55% ] 1 VUs  05m33.0s/10m0s

running (05m34.0s), 1/1 VUs, 277 complete and 0 interrupted iterations
mixed   [  56% ] 1 VUs  05m34.0s/10m0s

running (05m35.0s), 1/1 VUs, 278 complete and 0 interrupted iterations
mixed   [  56% ] 1 VUs  05m35.0s/10m0s

running (05m36.0s), 1/1 VUs, 279 complete and 0 interrupted iterations
mixed   [  56% ] 1 VUs  05m36.0s/10m0s

running (05m37.0s), 1/1 VUs, 280 complete and 0 interrupted iterations
mixed   [  56% ] 1 VUs  05m37.0s/10m0s

running (05m38.0s), 1/1 VUs, 281 complete and 0 interrupted iterations
mixed   [  56% ] 1 VUs  05m38.0s/10m0s

running (05m39.0s), 1/1 VUs, 282 complete and 0 interrupted iterations
mixed   [  57% ] 1 VUs  05m39.0s/10m0s

running (05m40.0s), 1/1 VUs, 283 complete and 0 interrupted iterations
mixed   [  57% ] 1 VUs  05m40.0s/10m0s

running (05m41.0s), 1/1 VUs, 284 complete and 0 interrupted iterations
mixed   [  57% ] 1 VUs  05m41.0s/10m0s

running (05m42.0s), 1/1 VUs, 285 complete and 0 interrupted iterations
mixed   [  57% ] 1 VUs  05m42.0s/10m0s

running (05m43.0s), 1/1 VUs, 286 complete and 0 interrupted iterations
mixed   [  57% ] 1 VUs  05m43.0s/10m0s

running (05m44.0s), 1/1 VUs, 287 complete and 0 interrupted iterations
mixed   [  57% ] 1 VUs  05m44.0s/10m0s

running (05m45.0s), 1/1 VUs, 287 complete and 0 interrupted iterations
mixed   [  57% ] 1 VUs  05m45.0s/10m0s

running (05m46.0s), 1/1 VUs, 288 complete and 0 interrupted iterations
mixed   [  58% ] 1 VUs  05m46.0s/10m0s

running (05m47.0s), 1/1 VUs, 289 complete and 0 interrupted iterations
mixed   [  58% ] 1 VUs  05m47.0s/10m0s

running (05m48.0s), 1/1 VUs, 290 complete and 0 interrupted iterations
mixed   [  58% ] 1 VUs  05m48.0s/10m0s

running (05m49.0s), 1/1 VUs, 291 complete and 0 interrupted iterations
mixed   [  58% ] 1 VUs  05m49.0s/10m0s

running (05m50.0s), 1/1 VUs, 292 complete and 0 interrupted iterations
mixed   [  58% ] 1 VUs  05m50.0s/10m0s

running (05m51.0s), 1/1 VUs, 293 complete and 0 interrupted iterations
mixed   [  58% ] 1 VUs  05m51.0s/10m0s

running (05m52.0s), 1/1 VUs, 294 complete and 0 interrupted iterations
mixed   [  59% ] 1 VUs  05m52.0s/10m0s

running (05m53.0s), 1/1 VUs, 294 complete and 0 interrupted iterations
mixed   [  59% ] 1 VUs  05m53.0s/10m0s

running (05m54.0s), 1/1 VUs, 295 complete and 0 interrupted iterations
mixed   [  59% ] 1 VUs  05m54.0s/10m0s

running (05m55.0s), 1/1 VUs, 296 complete and 0 interrupted iterations
mixed   [  59% ] 1 VUs  05m55.0s/10m0s

running (05m56.0s), 1/1 VUs, 297 complete and 0 interrupted iterations
mixed   [  59% ] 1 VUs  05m56.0s/10m0s

running (05m57.0s), 1/1 VUs, 297 complete and 0 interrupted iterations
mixed   [  60% ] 1 VUs  05m57.0s/10m0s

running (05m58.0s), 1/1 VUs, 298 complete and 0 interrupted iterations
mixed   [  60% ] 1 VUs  05m58.0s/10m0s

running (05m59.0s), 1/1 VUs, 298 complete and 0 interrupted iterations
mixed   [  60% ] 1 VUs  05m59.0s/10m0s

running (06m00.0s), 1/1 VUs, 299 complete and 0 interrupted iterations
mixed   [  60% ] 1 VUs  06m00.0s/10m0s

running (06m01.0s), 1/1 VUs, 300 complete and 0 interrupted iterations
mixed   [  60% ] 1 VUs  06m01.0s/10m0s

running (06m02.0s), 1/1 VUs, 300 complete and 0 interrupted iterations
mixed   [  60% ] 1 VUs  06m02.0s/10m0s

running (06m03.0s), 1/1 VUs, 301 complete and 0 interrupted iterations
mixed   [  61% ] 1 VUs  06m03.0s/10m0s

running (06m04.0s), 1/1 VUs, 302 complete and 0 interrupted iterations
mixed   [  61% ] 1 VUs  06m04.0s/10m0s

running (06m05.0s), 1/1 VUs, 303 complete and 0 interrupted iterations
mixed   [  61% ] 1 VUs  06m05.0s/10m0s

running (06m06.0s), 1/1 VUs, 304 complete and 0 interrupted iterations
mixed   [  61% ] 1 VUs  06m06.0s/10m0s

running (06m07.0s), 1/1 VUs, 305 complete and 0 interrupted iterations
mixed   [  61% ] 1 VUs  06m07.0s/10m0s

running (06m08.0s), 1/1 VUs, 306 complete and 0 interrupted iterations
mixed   [  61% ] 1 VUs  06m08.0s/10m0s

running (06m09.0s), 1/1 VUs, 306 complete and 0 interrupted iterations
mixed   [  62% ] 1 VUs  06m09.0s/10m0s

running (06m10.0s), 1/1 VUs, 307 complete and 0 interrupted iterations
mixed   [  62% ] 1 VUs  06m10.0s/10m0s

running (06m11.0s), 1/1 VUs, 307 complete and 0 interrupted iterations
mixed   [  62% ] 1 VUs  06m11.0s/10m0s

running (06m12.0s), 1/1 VUs, 308 complete and 0 interrupted iterations
mixed   [  62% ] 1 VUs  06m12.0s/10m0s

running (06m13.0s), 1/1 VUs, 309 complete and 0 interrupted iterations
mixed   [  62% ] 1 VUs  06m13.0s/10m0s

running (06m14.0s), 1/1 VUs, 310 complete and 0 interrupted iterations
mixed   [  62% ] 1 VUs  06m14.0s/10m0s

running (06m15.0s), 1/1 VUs, 311 complete and 0 interrupted iterations
mixed   [  63% ] 1 VUs  06m15.0s/10m0s

running (06m16.0s), 1/1 VUs, 311 complete and 0 interrupted iterations
mixed   [  63% ] 1 VUs  06m16.0s/10m0s

running (06m17.0s), 1/1 VUs, 312 complete and 0 interrupted iterations
mixed   [  63% ] 1 VUs  06m17.0s/10m0s

running (06m18.0s), 1/1 VUs, 313 complete and 0 interrupted iterations
mixed   [  63% ] 1 VUs  06m18.0s/10m0s

running (06m19.0s), 1/1 VUs, 314 complete and 0 interrupted iterations
mixed   [  63% ] 1 VUs  06m19.0s/10m0s

running (06m20.0s), 1/1 VUs, 315 complete and 0 interrupted iterations
mixed   [  63% ] 1 VUs  06m20.0s/10m0s

running (06m21.0s), 1/1 VUs, 315 complete and 0 interrupted iterations
mixed   [  64% ] 1 VUs  06m21.0s/10m0s

running (06m22.0s), 1/1 VUs, 316 complete and 0 interrupted iterations
mixed   [  64% ] 1 VUs  06m22.0s/10m0s

running (06m23.0s), 1/1 VUs, 317 complete and 0 interrupted iterations
mixed   [  64% ] 1 VUs  06m23.0s/10m0s

running (06m24.0s), 1/1 VUs, 317 complete and 0 interrupted iterations
mixed   [  64% ] 1 VUs  06m24.0s/10m0s

running (06m25.0s), 1/1 VUs, 318 complete and 0 interrupted iterations
mixed   [  64% ] 1 VUs  06m25.0s/10m0s

running (06m26.0s), 1/1 VUs, 319 complete and 0 interrupted iterations
mixed   [  64% ] 1 VUs  06m26.0s/10m0s

running (06m27.0s), 1/1 VUs, 320 complete and 0 interrupted iterations
mixed   [  65% ] 1 VUs  06m27.0s/10m0s

running (06m28.0s), 1/1 VUs, 321 complete and 0 interrupted iterations
mixed   [  65% ] 1 VUs  06m28.0s/10m0s

running (06m29.0s), 1/1 VUs, 321 complete and 0 interrupted iterations
mixed   [  65% ] 1 VUs  06m29.0s/10m0s

running (06m30.0s), 1/1 VUs, 322 complete and 0 interrupted iterations
mixed   [  65% ] 1 VUs  06m30.0s/10m0s

running (06m31.0s), 1/1 VUs, 323 complete and 0 interrupted iterations
mixed   [  65% ] 1 VUs  06m31.0s/10m0s

running (06m32.0s), 1/1 VUs, 324 complete and 0 interrupted iterations
mixed   [  65% ] 1 VUs  06m32.0s/10m0s

running (06m33.0s), 1/1 VUs, 324 complete and 0 interrupted iterations
mixed   [  66% ] 1 VUs  06m33.0s/10m0s

running (06m34.0s), 1/1 VUs, 325 complete and 0 interrupted iterations
mixed   [  66% ] 1 VUs  06m34.0s/10m0s

running (06m35.0s), 1/1 VUs, 326 complete and 0 interrupted iterations
mixed   [  66% ] 1 VUs  06m35.0s/10m0s

running (06m36.0s), 1/1 VUs, 327 complete and 0 interrupted iterations
mixed   [  66% ] 1 VUs  06m36.0s/10m0s

running (06m37.0s), 1/1 VUs, 328 complete and 0 interrupted iterations
mixed   [  66% ] 1 VUs  06m37.0s/10m0s

running (06m38.0s), 1/1 VUs, 328 complete and 0 interrupted iterations
mixed   [  66% ] 1 VUs  06m38.0s/10m0s

running (06m39.0s), 1/1 VUs, 329 complete and 0 interrupted iterations
mixed   [  66% ] 1 VUs  06m39.0s/10m0s

running (06m40.0s), 1/1 VUs, 330 complete and 0 interrupted iterations
mixed   [  67% ] 1 VUs  06m40.0s/10m0s

running (06m41.0s), 1/1 VUs, 331 complete and 0 interrupted iterations
mixed   [  67% ] 1 VUs  06m41.0s/10m0s

running (06m42.0s), 1/1 VUs, 332 complete and 0 interrupted iterations
mixed   [  67% ] 1 VUs  06m42.0s/10m0s

running (06m43.0s), 1/1 VUs, 333 complete and 0 interrupted iterations
mixed   [  67% ] 1 VUs  06m43.0s/10m0s

running (06m44.0s), 1/1 VUs, 334 complete and 0 interrupted iterations
mixed   [  67% ] 1 VUs  06m44.0s/10m0s

running (06m45.0s), 1/1 VUs, 334 complete and 0 interrupted iterations
mixed   [  68% ] 1 VUs  06m45.0s/10m0s

running (06m46.0s), 1/1 VUs, 335 complete and 0 interrupted iterations
mixed   [  68% ] 1 VUs  06m46.0s/10m0s

running (06m47.0s), 1/1 VUs, 335 complete and 0 interrupted iterations
mixed   [  68% ] 1 VUs  06m47.0s/10m0s

running (06m48.0s), 1/1 VUs, 336 complete and 0 interrupted iterations
mixed   [  68% ] 1 VUs  06m48.0s/10m0s

running (06m49.0s), 1/1 VUs, 337 complete and 0 interrupted iterations
mixed   [  68% ] 1 VUs  06m49.0s/10m0s

running (06m50.0s), 1/1 VUs, 338 complete and 0 interrupted iterations
mixed   [  68% ] 1 VUs  06m50.0s/10m0s

running (06m51.0s), 1/1 VUs, 339 complete and 0 interrupted iterations
mixed   [  68% ] 1 VUs  06m51.0s/10m0s

running (06m52.0s), 1/1 VUs, 339 complete and 0 interrupted iterations
mixed   [  69% ] 1 VUs  06m52.0s/10m0s

running (06m53.0s), 1/1 VUs, 340 complete and 0 interrupted iterations
mixed   [  69% ] 1 VUs  06m53.0s/10m0s

running (06m54.0s), 1/1 VUs, 341 complete and 0 interrupted iterations
mixed   [  69% ] 1 VUs  06m54.0s/10m0s

running (06m55.0s), 1/1 VUs, 342 complete and 0 interrupted iterations
mixed   [  69% ] 1 VUs  06m55.0s/10m0s

running (06m56.0s), 1/1 VUs, 342 complete and 0 interrupted iterations
mixed   [  69% ] 1 VUs  06m56.0s/10m0s

running (06m57.0s), 1/1 VUs, 343 complete and 0 interrupted iterations
mixed   [  70% ] 1 VUs  06m57.0s/10m0s

running (06m58.0s), 1/1 VUs, 344 complete and 0 interrupted iterations
mixed   [  70% ] 1 VUs  06m58.0s/10m0s

running (06m59.0s), 1/1 VUs, 344 complete and 0 interrupted iterations
mixed   [  70% ] 1 VUs  06m59.0s/10m0s

running (07m00.0s), 1/1 VUs, 345 complete and 0 interrupted iterations
mixed   [  70% ] 1 VUs  07m00.0s/10m0s

running (07m01.0s), 1/1 VUs, 346 complete and 0 interrupted iterations
mixed   [  70% ] 1 VUs  07m01.0s/10m0s

running (07m02.0s), 1/1 VUs, 347 complete and 0 interrupted iterations
mixed   [  70% ] 1 VUs  07m02.0s/10m0s

running (07m03.0s), 1/1 VUs, 348 complete and 0 interrupted iterations
mixed   [  70% ] 1 VUs  07m03.0s/10m0s

running (07m04.0s), 1/1 VUs, 349 complete and 0 interrupted iterations
mixed   [  71% ] 1 VUs  07m04.0s/10m0s

running (07m05.0s), 1/1 VUs, 350 complete and 0 interrupted iterations
mixed   [  71% ] 1 VUs  07m05.0s/10m0s

running (07m06.0s), 1/1 VUs, 350 complete and 0 interrupted iterations
mixed   [  71% ] 1 VUs  07m06.0s/10m0s

running (07m07.0s), 1/1 VUs, 351 complete and 0 interrupted iterations
mixed   [  71% ] 1 VUs  07m07.0s/10m0s

running (07m08.0s), 1/1 VUs, 352 complete and 0 interrupted iterations
mixed   [  71% ] 1 VUs  07m08.0s/10m0s

running (07m09.0s), 1/1 VUs, 353 complete and 0 interrupted iterations
mixed   [  71% ] 1 VUs  07m09.0s/10m0s

running (07m10.0s), 1/1 VUs, 354 complete and 0 interrupted iterations
mixed   [  72% ] 1 VUs  07m10.0s/10m0s

running (07m11.0s), 1/1 VUs, 355 complete and 0 interrupted iterations
mixed   [  72% ] 1 VUs  07m11.0s/10m0s

running (07m12.0s), 1/1 VUs, 356 complete and 0 interrupted iterations
mixed   [  72% ] 1 VUs  07m12.0s/10m0s

running (07m13.0s), 1/1 VUs, 357 complete and 0 interrupted iterations
mixed   [  72% ] 1 VUs  07m13.0s/10m0s

running (07m14.0s), 1/1 VUs, 358 complete and 0 interrupted iterations
mixed   [  72% ] 1 VUs  07m14.0s/10m0s

running (07m15.0s), 1/1 VUs, 359 complete and 0 interrupted iterations
mixed   [  73% ] 1 VUs  07m15.0s/10m0s

running (07m16.0s), 1/1 VUs, 359 complete and 0 interrupted iterations
mixed   [  73% ] 1 VUs  07m16.0s/10m0s

running (07m17.0s), 1/1 VUs, 360 complete and 0 interrupted iterations
mixed   [  73% ] 1 VUs  07m17.0s/10m0s

running (07m18.0s), 1/1 VUs, 360 complete and 0 interrupted iterations
mixed   [  73% ] 1 VUs  07m18.0s/10m0s

running (07m19.0s), 1/1 VUs, 361 complete and 0 interrupted iterations
mixed   [  73% ] 1 VUs  07m19.0s/10m0s

running (07m20.0s), 1/1 VUs, 362 complete and 0 interrupted iterations
mixed   [  73% ] 1 VUs  07m20.0s/10m0s

running (07m21.0s), 1/1 VUs, 362 complete and 0 interrupted iterations
mixed   [  73% ] 1 VUs  07m21.0s/10m0s

running (07m22.0s), 1/1 VUs, 363 complete and 0 interrupted iterations
mixed   [  74% ] 1 VUs  07m22.0s/10m0s

running (07m23.0s), 1/1 VUs, 364 complete and 0 interrupted iterations
mixed   [  74% ] 1 VUs  07m23.0s/10m0s

running (07m24.0s), 1/1 VUs, 365 complete and 0 interrupted iterations
mixed   [  74% ] 1 VUs  07m24.0s/10m0s

running (07m25.0s), 1/1 VUs, 366 complete and 0 interrupted iterations
mixed   [  74% ] 1 VUs  07m25.0s/10m0s

running (07m26.0s), 1/1 VUs, 367 complete and 0 interrupted iterations
mixed   [  74% ] 1 VUs  07m26.0s/10m0s

running (07m27.0s), 1/1 VUs, 368 complete and 0 interrupted iterations
mixed   [  75% ] 1 VUs  07m27.0s/10m0s

running (07m28.0s), 1/1 VUs, 369 complete and 0 interrupted iterations
mixed   [  75% ] 1 VUs  07m28.0s/10m0s

running (07m29.0s), 1/1 VUs, 370 complete and 0 interrupted iterations
mixed   [  75% ] 1 VUs  07m29.0s/10m0s

running (07m30.0s), 1/1 VUs, 371 complete and 0 interrupted iterations
mixed   [  75% ] 1 VUs  07m30.0s/10m0s

running (07m31.0s), 1/1 VUs, 372 complete and 0 interrupted iterations
mixed   [  75% ] 1 VUs  07m31.0s/10m0s

running (07m32.0s), 1/1 VUs, 373 complete and 0 interrupted iterations
mixed   [  75% ] 1 VUs  07m32.0s/10m0s

running (07m33.0s), 1/1 VUs, 374 complete and 0 interrupted iterations
mixed   [  76% ] 1 VUs  07m33.0s/10m0s

running (07m34.0s), 1/1 VUs, 375 complete and 0 interrupted iterations
mixed   [  76% ] 1 VUs  07m34.0s/10m0s

running (07m35.0s), 1/1 VUs, 375 complete and 0 interrupted iterations
mixed   [  76% ] 1 VUs  07m35.0s/10m0s

running (07m36.0s), 1/1 VUs, 376 complete and 0 interrupted iterations
mixed   [  76% ] 1 VUs  07m36.0s/10m0s

running (07m37.0s), 1/1 VUs, 376 complete and 0 interrupted iterations
mixed   [  76% ] 1 VUs  07m37.0s/10m0s

running (07m38.0s), 1/1 VUs, 377 complete and 0 interrupted iterations
mixed   [  76% ] 1 VUs  07m38.0s/10m0s

running (07m39.0s), 1/1 VUs, 378 complete and 0 interrupted iterations
mixed   [  76% ] 1 VUs  07m39.0s/10m0s

running (07m40.0s), 1/1 VUs, 379 complete and 0 interrupted iterations
mixed   [  77% ] 1 VUs  07m40.0s/10m0s

running (07m41.0s), 1/1 VUs, 379 complete and 0 interrupted iterations
mixed   [  77% ] 1 VUs  07m41.0s/10m0s

running (07m42.0s), 1/1 VUs, 380 complete and 0 interrupted iterations
mixed   [  77% ] 1 VUs  07m42.0s/10m0s

running (07m43.0s), 1/1 VUs, 381 complete and 0 interrupted iterations
mixed   [  77% ] 1 VUs  07m43.0s/10m0s

running (07m44.0s), 1/1 VUs, 382 complete and 0 interrupted iterations
mixed   [  77% ] 1 VUs  07m44.0s/10m0s

running (07m45.0s), 1/1 VUs, 383 complete and 0 interrupted iterations
mixed   [  78% ] 1 VUs  07m45.0s/10m0s

running (07m46.0s), 1/1 VUs, 384 complete and 0 interrupted iterations
mixed   [  78% ] 1 VUs  07m46.0s/10m0s

running (07m47.0s), 1/1 VUs, 384 complete and 0 interrupted iterations
mixed   [  78% ] 1 VUs  07m47.0s/10m0s

running (07m48.0s), 1/1 VUs, 385 complete and 0 interrupted iterations
mixed   [  78% ] 1 VUs  07m48.0s/10m0s

running (07m49.0s), 1/1 VUs, 386 complete and 0 interrupted iterations
mixed   [  78% ] 1 VUs  07m49.0s/10m0s

running (07m50.0s), 1/1 VUs, 387 complete and 0 interrupted iterations
mixed   [  78% ] 1 VUs  07m50.0s/10m0s

running (07m51.0s), 1/1 VUs, 388 complete and 0 interrupted iterations
mixed   [  79% ] 1 VUs  07m51.0s/10m0s

running (07m52.0s), 1/1 VUs, 389 complete and 0 interrupted iterations
mixed   [  79% ] 1 VUs  07m52.0s/10m0s

running (07m53.0s), 1/1 VUs, 390 complete and 0 interrupted iterations
mixed   [  79% ] 1 VUs  07m53.0s/10m0s

running (07m54.0s), 1/1 VUs, 390 complete and 0 interrupted iterations
mixed   [  79% ] 1 VUs  07m54.0s/10m0s

running (07m55.0s), 1/1 VUs, 391 complete and 0 interrupted iterations
mixed   [  79% ] 1 VUs  07m55.0s/10m0s

running (07m56.0s), 1/1 VUs, 392 complete and 0 interrupted iterations
mixed   [  79% ] 1 VUs  07m56.0s/10m0s

running (07m57.0s), 1/1 VUs, 393 complete and 0 interrupted iterations
mixed   [  80% ] 1 VUs  07m57.0s/10m0s

running (07m58.0s), 1/1 VUs, 393 complete and 0 interrupted iterations
mixed   [  80% ] 1 VUs  07m58.0s/10m0s

running (07m59.0s), 1/1 VUs, 393 complete and 0 interrupted iterations
mixed   [  80% ] 1 VUs  07m59.0s/10m0s

running (08m00.0s), 1/1 VUs, 393 complete and 0 interrupted iterations
mixed   [  80% ] 1 VUs  08m00.0s/10m0s

running (08m01.0s), 1/1 VUs, 393 complete and 0 interrupted iterations
mixed   [  80% ] 1 VUs  08m01.0s/10m0s

running (08m02.0s), 1/1 VUs, 393 complete and 0 interrupted iterations
mixed   [  80% ] 1 VUs  08m02.0s/10m0s

running (08m03.0s), 1/1 VUs, 393 complete and 0 interrupted iterations
mixed   [  81% ] 1 VUs  08m03.0s/10m0s

running (08m04.0s), 1/1 VUs, 393 complete and 0 interrupted iterations
mixed   [  81% ] 1 VUs  08m04.0s/10m0s

running (08m05.0s), 1/1 VUs, 393 complete and 0 interrupted iterations
mixed   [  81% ] 1 VUs  08m05.0s/10m0s

running (08m06.0s), 1/1 VUs, 393 complete and 0 interrupted iterations
mixed   [  81% ] 1 VUs  08m06.0s/10m0s

running (08m07.0s), 1/1 VUs, 394 complete and 0 interrupted iterations
mixed   [  81% ] 1 VUs  08m07.0s/10m0s

running (08m08.0s), 1/1 VUs, 395 complete and 0 interrupted iterations
mixed   [  81% ] 1 VUs  08m08.0s/10m0s

running (08m09.0s), 1/1 VUs, 396 complete and 0 interrupted iterations
mixed   [  82% ] 1 VUs  08m09.0s/10m0s

running (08m10.0s), 1/1 VUs, 397 complete and 0 interrupted iterations
mixed   [  82% ] 1 VUs  08m10.0s/10m0s

running (08m11.0s), 1/1 VUs, 398 complete and 0 interrupted iterations
mixed   [  82% ] 1 VUs  08m11.0s/10m0s

running (08m12.0s), 1/1 VUs, 399 complete and 0 interrupted iterations
mixed   [  82% ] 1 VUs  08m12.0s/10m0s

running (08m13.0s), 1/1 VUs, 400 complete and 0 interrupted iterations
mixed   [  82% ] 1 VUs  08m13.0s/10m0s

running (08m14.0s), 1/1 VUs, 401 complete and 0 interrupted iterations
mixed   [  82% ] 1 VUs  08m14.0s/10m0s

running (08m15.0s), 1/1 VUs, 402 complete and 0 interrupted iterations
mixed   [  83% ] 1 VUs  08m15.0s/10m0s

running (08m16.0s), 1/1 VUs, 403 complete and 0 interrupted iterations
mixed   [  83% ] 1 VUs  08m16.0s/10m0s

running (08m17.0s), 1/1 VUs, 404 complete and 0 interrupted iterations
mixed   [  83% ] 1 VUs  08m17.0s/10m0s

running (08m18.0s), 1/1 VUs, 404 complete and 0 interrupted iterations
mixed   [  83% ] 1 VUs  08m18.0s/10m0s

running (08m19.0s), 1/1 VUs, 405 complete and 0 interrupted iterations
mixed   [  83% ] 1 VUs  08m19.0s/10m0s

running (08m20.0s), 1/1 VUs, 405 complete and 0 interrupted iterations
mixed   [  83% ] 1 VUs  08m20.0s/10m0s

running (08m21.0s), 1/1 VUs, 406 complete and 0 interrupted iterations
mixed   [  84% ] 1 VUs  08m21.0s/10m0s

running (08m22.0s), 1/1 VUs, 407 complete and 0 interrupted iterations
mixed   [  84% ] 1 VUs  08m22.0s/10m0s

running (08m23.0s), 1/1 VUs, 408 complete and 0 interrupted iterations
mixed   [  84% ] 1 VUs  08m23.0s/10m0s

running (08m24.0s), 1/1 VUs, 408 complete and 0 interrupted iterations
mixed   [  84% ] 1 VUs  08m24.0s/10m0s

running (08m25.0s), 1/1 VUs, 409 complete and 0 interrupted iterations
mixed   [  84% ] 1 VUs  08m25.0s/10m0s

running (08m26.0s), 1/1 VUs, 410 complete and 0 interrupted iterations
mixed   [  84% ] 1 VUs  08m26.0s/10m0s

running (08m27.0s), 1/1 VUs, 411 complete and 0 interrupted iterations
mixed   [  85% ] 1 VUs  08m27.0s/10m0s

running (08m28.0s), 1/1 VUs, 411 complete and 0 interrupted iterations
mixed   [  85% ] 1 VUs  08m28.0s/10m0s

running (08m29.0s), 1/1 VUs, 412 complete and 0 interrupted iterations
mixed   [  85% ] 1 VUs  08m29.0s/10m0s

running (08m30.0s), 1/1 VUs, 413 complete and 0 interrupted iterations
mixed   [  85% ] 1 VUs  08m30.0s/10m0s

running (08m31.0s), 1/1 VUs, 413 complete and 0 interrupted iterations
mixed   [  85% ] 1 VUs  08m31.0s/10m0s

running (08m32.0s), 1/1 VUs, 414 complete and 0 interrupted iterations
mixed   [  85% ] 1 VUs  08m32.0s/10m0s

running (08m33.0s), 1/1 VUs, 415 complete and 0 interrupted iterations
mixed   [  85% ] 1 VUs  08m33.0s/10m0s

running (08m34.0s), 1/1 VUs, 416 complete and 0 interrupted iterations
mixed   [  86% ] 1 VUs  08m34.0s/10m0s

running (08m35.0s), 1/1 VUs, 417 complete and 0 interrupted iterations
mixed   [  86% ] 1 VUs  08m35.0s/10m0s

running (08m36.0s), 1/1 VUs, 417 complete and 0 interrupted iterations
mixed   [  86% ] 1 VUs  08m36.0s/10m0s

running (08m37.0s), 1/1 VUs, 418 complete and 0 interrupted iterations
mixed   [  86% ] 1 VUs  08m37.0s/10m0s

running (08m38.0s), 1/1 VUs, 419 complete and 0 interrupted iterations
mixed   [  86% ] 1 VUs  08m38.0s/10m0s

running (08m39.0s), 1/1 VUs, 420 complete and 0 interrupted iterations
mixed   [  87% ] 1 VUs  08m39.0s/10m0s

running (08m40.0s), 1/1 VUs, 420 complete and 0 interrupted iterations
mixed   [  87% ] 1 VUs  08m40.0s/10m0s

running (08m41.0s), 1/1 VUs, 421 complete and 0 interrupted iterations
mixed   [  87% ] 1 VUs  08m41.0s/10m0s

running (08m42.0s), 1/1 VUs, 422 complete and 0 interrupted iterations
mixed   [  87% ] 1 VUs  08m42.0s/10m0s

running (08m43.0s), 1/1 VUs, 423 complete and 0 interrupted iterations
mixed   [  87% ] 1 VUs  08m43.0s/10m0s

running (08m44.0s), 1/1 VUs, 424 complete and 0 interrupted iterations
mixed   [  87% ] 1 VUs  08m44.0s/10m0s

running (08m45.0s), 1/1 VUs, 425 complete and 0 interrupted iterations
mixed   [  87% ] 1 VUs  08m45.0s/10m0s

running (08m46.0s), 1/1 VUs, 426 complete and 0 interrupted iterations
mixed   [  88% ] 1 VUs  08m46.0s/10m0s

running (08m47.0s), 1/1 VUs, 427 complete and 0 interrupted iterations
mixed   [  88% ] 1 VUs  08m47.0s/10m0s

running (08m48.0s), 1/1 VUs, 428 complete and 0 interrupted iterations
mixed   [  88% ] 1 VUs  08m48.0s/10m0s

running (08m49.0s), 1/1 VUs, 429 complete and 0 interrupted iterations
mixed   [  88% ] 1 VUs  08m49.0s/10m0s

running (08m50.0s), 1/1 VUs, 430 complete and 0 interrupted iterations
mixed   [  88% ] 1 VUs  08m50.0s/10m0s

running (08m51.0s), 1/1 VUs, 431 complete and 0 interrupted iterations
mixed   [  89% ] 1 VUs  08m51.0s/10m0s

running (08m52.0s), 1/1 VUs, 431 complete and 0 interrupted iterations
mixed   [  89% ] 1 VUs  08m52.0s/10m0s

running (08m53.0s), 1/1 VUs, 432 complete and 0 interrupted iterations
mixed   [  89% ] 1 VUs  08m53.0s/10m0s

running (08m54.0s), 1/1 VUs, 433 complete and 0 interrupted iterations
mixed   [  89% ] 1 VUs  08m54.0s/10m0s

running (08m55.0s), 1/1 VUs, 433 complete and 0 interrupted iterations
mixed   [  89% ] 1 VUs  08m55.0s/10m0s

running (08m56.0s), 1/1 VUs, 434 complete and 0 interrupted iterations
mixed   [  89% ] 1 VUs  08m56.0s/10m0s

running (08m57.0s), 1/1 VUs, 435 complete and 0 interrupted iterations
mixed   [  89% ] 1 VUs  08m57.0s/10m0s

running (08m58.0s), 1/1 VUs, 436 complete and 0 interrupted iterations
mixed   [  90% ] 1 VUs  08m58.0s/10m0s

running (08m59.0s), 1/1 VUs, 436 complete and 0 interrupted iterations
mixed   [  90% ] 1 VUs  08m59.0s/10m0s

running (09m00.0s), 1/1 VUs, 437 complete and 0 interrupted iterations
mixed   [  90% ] 1 VUs  09m00.0s/10m0s

running (09m01.0s), 1/1 VUs, 438 complete and 0 interrupted iterations
mixed   [  90% ] 1 VUs  09m01.0s/10m0s

running (09m02.0s), 1/1 VUs, 439 complete and 0 interrupted iterations
mixed   [  90% ] 1 VUs  09m02.0s/10m0s

running (09m03.0s), 1/1 VUs, 440 complete and 0 interrupted iterations
mixed   [  91% ] 1 VUs  09m03.0s/10m0s

running (09m04.0s), 1/1 VUs, 441 complete and 0 interrupted iterations
mixed   [  91% ] 1 VUs  09m04.0s/10m0s

running (09m05.0s), 1/1 VUs, 441 complete and 0 interrupted iterations
mixed   [  91% ] 1 VUs  09m05.0s/10m0s

running (09m06.0s), 1/1 VUs, 442 complete and 0 interrupted iterations
mixed   [  91% ] 1 VUs  09m06.0s/10m0s

running (09m07.0s), 1/1 VUs, 442 complete and 0 interrupted iterations
mixed   [  91% ] 1 VUs  09m07.0s/10m0s

running (09m08.0s), 1/1 VUs, 443 complete and 0 interrupted iterations
mixed   [  91% ] 1 VUs  09m08.0s/10m0s

running (09m09.0s), 1/1 VUs, 444 complete and 0 interrupted iterations
mixed   [  92% ] 1 VUs  09m09.0s/10m0s

running (09m10.0s), 1/1 VUs, 445 complete and 0 interrupted iterations
mixed   [  92% ] 1 VUs  09m10.0s/10m0s

running (09m11.0s), 1/1 VUs, 446 complete and 0 interrupted iterations
mixed   [  92% ] 1 VUs  09m11.0s/10m0s

running (09m12.0s), 1/1 VUs, 447 complete and 0 interrupted iterations
mixed   [  92% ] 1 VUs  09m12.0s/10m0s

running (09m13.0s), 1/1 VUs, 448 complete and 0 interrupted iterations
mixed   [  92% ] 1 VUs  09m13.0s/10m0s

running (09m14.0s), 1/1 VUs, 448 complete and 0 interrupted iterations
mixed   [  92% ] 1 VUs  09m14.0s/10m0s

running (09m15.0s), 1/1 VUs, 449 complete and 0 interrupted iterations
mixed   [  93% ] 1 VUs  09m15.0s/10m0s

running (09m16.0s), 1/1 VUs, 450 complete and 0 interrupted iterations
mixed   [  93% ] 1 VUs  09m16.0s/10m0s

running (09m17.0s), 1/1 VUs, 451 complete and 0 interrupted iterations
mixed   [  93% ] 1 VUs  09m17.0s/10m0s

running (09m18.0s), 1/1 VUs, 452 complete and 0 interrupted iterations
mixed   [  93% ] 1 VUs  09m18.0s/10m0s

running (09m19.0s), 1/1 VUs, 452 complete and 0 interrupted iterations
mixed   [  93% ] 1 VUs  09m19.0s/10m0s

running (09m20.0s), 1/1 VUs, 453 complete and 0 interrupted iterations
mixed   [  93% ] 1 VUs  09m20.0s/10m0s

running (09m21.0s), 1/1 VUs, 454 complete and 0 interrupted iterations
mixed   [  93% ] 1 VUs  09m21.0s/10m0s

running (09m22.0s), 1/1 VUs, 455 complete and 0 interrupted iterations
mixed   [  94% ] 1 VUs  09m22.0s/10m0s

running (09m23.0s), 1/1 VUs, 456 complete and 0 interrupted iterations
mixed   [  94% ] 1 VUs  09m23.0s/10m0s

running (09m24.0s), 1/1 VUs, 457 complete and 0 interrupted iterations
mixed   [  94% ] 1 VUs  09m24.0s/10m0s

running (09m25.0s), 1/1 VUs, 458 complete and 0 interrupted iterations
mixed   [  94% ] 1 VUs  09m25.0s/10m0s

running (09m26.0s), 1/1 VUs, 459 complete and 0 interrupted iterations
mixed   [  94% ] 1 VUs  09m26.0s/10m0s

running (09m27.0s), 1/1 VUs, 460 complete and 0 interrupted iterations
mixed   [  94% ] 1 VUs  09m27.0s/10m0s

running (09m28.0s), 1/1 VUs, 461 complete and 0 interrupted iterations
mixed   [  95% ] 1 VUs  09m28.0s/10m0s

running (09m29.0s), 1/1 VUs, 462 complete and 0 interrupted iterations
mixed   [  95% ] 1 VUs  09m29.0s/10m0s

running (09m30.0s), 1/1 VUs, 463 complete and 0 interrupted iterations
mixed   [  95% ] 1 VUs  09m30.0s/10m0s

running (09m31.0s), 1/1 VUs, 464 complete and 0 interrupted iterations
mixed   [  95% ] 1 VUs  09m31.0s/10m0s

running (09m32.0s), 1/1 VUs, 465 complete and 0 interrupted iterations
mixed   [  95% ] 1 VUs  09m32.0s/10m0s

running (09m33.0s), 1/1 VUs, 466 complete and 0 interrupted iterations
mixed   [  96% ] 1 VUs  09m33.0s/10m0s

running (09m34.0s), 1/1 VUs, 466 complete and 0 interrupted iterations
mixed   [  96% ] 1 VUs  09m34.0s/10m0s

running (09m35.0s), 1/1 VUs, 467 complete and 0 interrupted iterations
mixed   [  96% ] 1 VUs  09m35.0s/10m0s

running (09m36.0s), 1/1 VUs, 468 complete and 0 interrupted iterations
mixed   [  96% ] 1 VUs  09m36.0s/10m0s

running (09m37.0s), 1/1 VUs, 469 complete and 0 interrupted iterations
mixed   [  96% ] 1 VUs  09m37.0s/10m0s

running (09m38.0s), 1/1 VUs, 470 complete and 0 interrupted iterations
mixed   [  96% ] 1 VUs  09m38.0s/10m0s

running (09m39.0s), 1/1 VUs, 471 complete and 0 interrupted iterations
mixed   [  97% ] 1 VUs  09m39.0s/10m0s

running (09m40.0s), 1/1 VUs, 472 complete and 0 interrupted iterations
mixed   [  97% ] 1 VUs  09m40.0s/10m0s

running (09m41.0s), 1/1 VUs, 473 complete and 0 interrupted iterations
mixed   [  97% ] 1 VUs  09m41.0s/10m0s

running (09m42.0s), 1/1 VUs, 474 complete and 0 interrupted iterations
mixed   [  97% ] 1 VUs  09m42.0s/10m0s

running (09m43.0s), 1/1 VUs, 475 complete and 0 interrupted iterations
mixed   [  97% ] 1 VUs  09m43.0s/10m0s

running (09m44.0s), 1/1 VUs, 475 complete and 0 interrupted iterations
mixed   [  97% ] 1 VUs  09m44.0s/10m0s

running (09m45.0s), 1/1 VUs, 476 complete and 0 interrupted iterations
mixed   [  98% ] 1 VUs  09m45.0s/10m0s

running (09m46.0s), 1/1 VUs, 477 complete and 0 interrupted iterations
mixed   [  98% ] 1 VUs  09m46.0s/10m0s

running (09m47.0s), 1/1 VUs, 478 complete and 0 interrupted iterations
mixed   [  98% ] 1 VUs  09m47.0s/10m0s

running (09m48.0s), 1/1 VUs, 479 complete and 0 interrupted iterations
mixed   [  98% ] 1 VUs  09m48.0s/10m0s

running (09m49.0s), 1/1 VUs, 480 complete and 0 interrupted iterations
mixed   [  98% ] 1 VUs  09m49.0s/10m0s

running (09m50.0s), 1/1 VUs, 481 complete and 0 interrupted iterations
mixed   [  98% ] 1 VUs  09m50.0s/10m0s

running (09m51.0s), 1/1 VUs, 482 complete and 0 interrupted iterations
mixed   [  98% ] 1 VUs  09m51.0s/10m0s

running (09m52.0s), 1/1 VUs, 483 complete and 0 interrupted iterations
mixed   [  99% ] 1 VUs  09m52.0s/10m0s

running (09m53.0s), 1/1 VUs, 483 complete and 0 interrupted iterations
mixed   [  99% ] 1 VUs  09m53.0s/10m0s

running (09m54.0s), 1/1 VUs, 484 complete and 0 interrupted iterations
mixed   [  99% ] 1 VUs  09m54.0s/10m0s

running (09m55.0s), 1/1 VUs, 485 complete and 0 interrupted iterations
mixed   [  99% ] 1 VUs  09m55.0s/10m0s

running (09m56.0s), 1/1 VUs, 486 complete and 0 interrupted iterations
mixed   [  99% ] 1 VUs  09m56.0s/10m0s

running (09m57.0s), 1/1 VUs, 486 complete and 0 interrupted iterations
mixed   [ 100% ] 1 VUs  09m57.0s/10m0s

running (09m58.0s), 1/1 VUs, 487 complete and 0 interrupted iterations
mixed   [ 100% ] 1 VUs  09m58.0s/10m0s

running (09m59.0s), 1/1 VUs, 488 complete and 0 interrupted iterations
mixed   [ 100% ] 1 VUs  09m59.0s/10m0s

running (10m00.0s), 1/1 VUs, 488 complete and 0 interrupted iterations
mixed   [ 100% ] 1 VUs  10m0s

Baseline load test: PASS
  target: http://naming-check-backend:8000
  http_req_failed: 0
  checks: 1
  p95: 734.0622269999999 ms

running (10m00.1s), 0/1 VUs, 489 complete and 0 interrupted iterations
mixed ✓ [ 100% ] 1 VUs  10m0s
Check Grafana → Naming Check → Load Testing for live metrics.
