  [OK] Target host 'naming-check-backend' is in allowlist
Checking application endpoints (verify=http://127.0.0.1:8000, k6 target=http://naming-check-backend:8000)...
  [OK] GET /api/v1/health
  [OK] POST /api/v1/text-similarity/search (S1)
Checking Docker services (optional on remote runner)...
  [OK] container naming-check-backend is running
  [OK] container visual-model-service is running
  [OK] container text-model-service is running
  [OK] docker network naming-check-net exists
Checking monitoring stack (optional)...
  [WARN] Prometheus not reachable at http://127.0.0.1:9090 (start monitoring stack for metrics during load test)
  [WARN] Grafana not reachable at http://127.0.0.1:3000

Environment ready for load testing.
  k6 target: http://naming-check-backend:8000
  verify URL: http://127.0.0.1:8000
  Profile: smoke
  Next: bash scripts/load/run-smoke-load-test.sh
==> Running smoke load test
    target: from .env.load
    vus: default
    duration: default
    rps: default
 Container load-testing-k6-run-374c17f4b571 Creating 
 Container load-testing-k6-run-374c17f4b571 Created 

         /\      Grafana   /‾‾/  
    /\  /  \     |\  __   /  /   
   /  \/    \    | |/ /  /   ‾‾\ 
  /          \   |   (  |  (‾)  |
 / __________ \  |_|\_\  \_____/ 

     execution: local
        script: /scripts/smoke.js
        output: -

     scenarios: (100.00%) 1 scenario, 1 max VUs, 1m0s max duration (incl. graceful stop):
              * mixed: 1 looping VUs for 30s (gracefulStop: 30s)


running (0m01.0s), 1/1 VUs, 0 complete and 0 interrupted iterations
mixed   [   3% ] 1 VUs  01.0s/30s

running (0m02.0s), 1/1 VUs, 0 complete and 0 interrupted iterations
mixed   [   7% ] 1 VUs  02.0s/30s

running (0m03.0s), 1/1 VUs, 0 complete and 0 interrupted iterations
mixed   [  10% ] 1 VUs  03.0s/30s

running (0m04.0s), 1/1 VUs, 1 complete and 0 interrupted iterations
mixed   [  13% ] 1 VUs  04.0s/30s

running (0m05.0s), 1/1 VUs, 2 complete and 0 interrupted iterations
mixed   [  17% ] 1 VUs  05.0s/30s

running (0m06.0s), 1/1 VUs, 3 complete and 0 interrupted iterations
mixed   [  20% ] 1 VUs  06.0s/30s

running (0m07.0s), 1/1 VUs, 4 complete and 0 interrupted iterations
mixed   [  23% ] 1 VUs  07.0s/30s

running (0m08.0s), 1/1 VUs, 5 complete and 0 interrupted iterations
mixed   [  27% ] 1 VUs  08.0s/30s

running (0m09.0s), 1/1 VUs, 6 complete and 0 interrupted iterations
mixed   [  30% ] 1 VUs  09.0s/30s

running (0m10.0s), 1/1 VUs, 6 complete and 0 interrupted iterations
mixed   [  33% ] 1 VUs  10.0s/30s

running (0m11.0s), 1/1 VUs, 7 complete and 0 interrupted iterations
mixed   [  37% ] 1 VUs  11.0s/30s

running (0m12.0s), 1/1 VUs, 7 complete and 0 interrupted iterations
mixed   [  40% ] 1 VUs  12.0s/30s

running (0m13.0s), 1/1 VUs, 8 complete and 0 interrupted iterations
mixed   [  43% ] 1 VUs  13.0s/30s

running (0m14.0s), 1/1 VUs, 9 complete and 0 interrupted iterations
mixed   [  47% ] 1 VUs  14.0s/30s

running (0m15.0s), 1/1 VUs, 10 complete and 0 interrupted iterations
mixed   [  50% ] 1 VUs  15.0s/30s

running (0m16.0s), 1/1 VUs, 11 complete and 0 interrupted iterations
mixed   [  53% ] 1 VUs  16.0s/30s

running (0m17.0s), 1/1 VUs, 11 complete and 0 interrupted iterations
mixed   [  57% ] 1 VUs  17.0s/30s

running (0m18.0s), 1/1 VUs, 12 complete and 0 interrupted iterations
mixed   [  60% ] 1 VUs  18.0s/30s

running (0m19.0s), 1/1 VUs, 13 complete and 0 interrupted iterations
mixed   [  63% ] 1 VUs  19.0s/30s

running (0m20.0s), 1/1 VUs, 14 complete and 0 interrupted iterations
mixed   [  67% ] 1 VUs  20.0s/30s

running (0m21.0s), 1/1 VUs, 15 complete and 0 interrupted iterations
mixed   [  70% ] 1 VUs  21.0s/30s

running (0m22.0s), 1/1 VUs, 16 complete and 0 interrupted iterations
mixed   [  73% ] 1 VUs  22.0s/30s

running (0m23.0s), 1/1 VUs, 17 complete and 0 interrupted iterations
mixed   [  77% ] 1 VUs  23.0s/30s

running (0m24.0s), 1/1 VUs, 17 complete and 0 interrupted iterations
mixed   [  80% ] 1 VUs  24.0s/30s

running (0m25.0s), 1/1 VUs, 18 complete and 0 interrupted iterations
mixed   [  83% ] 1 VUs  25.0s/30s

running (0m26.0s), 1/1 VUs, 19 complete and 0 interrupted iterations
mixed   [  87% ] 1 VUs  26.0s/30s

running (0m27.0s), 1/1 VUs, 20 complete and 0 interrupted iterations
mixed   [  90% ] 1 VUs  27.0s/30s

running (0m28.0s), 1/1 VUs, 21 complete and 0 interrupted iterations
mixed   [  93% ] 1 VUs  28.0s/30s

running (0m29.0s), 1/1 VUs, 22 complete and 0 interrupted iterations
mixed   [  97% ] 1 VUs  29.0s/30s

running (0m30.0s), 1/1 VUs, 23 complete and 0 interrupted iterations
mixed   [ 100% ] 1 VUs  30.0s/30s

Smoke load test: PASS
  target: http://naming-check-backend:8000
  http_req_failed: 0
  checks: 1
  p95: 804.6935672999998 ms

running (0m30.7s), 0/1 VUs, 24 complete and 0 interrupted iterations
mixed ✓ [ 100% ] 1 VUs  30s
Check Grafana → Naming Check → Load Testing for live metrics.
